// Jest Snapshot v1, https://goo.gl/fbAQLP

exports[`TasksCount test TasksCount should match snapshot 1`] = `
<span
  className="sc-gtsrHT jOoloQ"
>
   Tasks
</span>
`;
